Resultado 1: 4
Resultado 2: 450
Resultado 3: 3111111110
Resultado 4: 101508708210268
Resultado 5: 2246915
Resultado 6: 0
Resultado 7: 0
Resultado 8: 1
Resultado 9: 1
Resultado 10: 10
Resultado 11: 113592
Resultado 12: 0