Resultado 1: 234543564766
Resultado 2: 101508708210268
Resultado 3: 0
Resultado 4: 1
Resultado 5: 0
Resultado 6: 0
Resultado 7: 0
Resultado 8: 1
Resultado 9: 0
Resultado 10: 1
Resultado 11: 1
Resultado 12: 453535
Resultado 13: 100000000089999999990
Resultado 14: 4134
Resultado 15: 0