Elemento ja existente
(50, 15) (30, 5) (20, 2) (40, 4) (70, 10)
(50, 15) (30, 5) (70, 10) (20, 2) (40, 4)
(20, 2) (30, 5) (40, 4) (70, 10)