Elemento ja existente
1
1
(2, 90) (3, 11) (6, 8) (7, 70) (10, 4) (12, 7) (13, 22) (15, 20) (27, 21) (45, 3) 
(2, 90) (7, 70) (3, 11) (6, 8) (13, 22) (12, 7) (10, 4) (27, 21) (15, 20) (45, 3) 
(6, 8) (3, 11) (10, 4) (12, 7) (15, 20) (45, 3) (27, 21) (13, 22) (7, 70) (2, 90) 
Chave nao localizada
0
0
(3, 11) (6, 8) (7, 70) (15, 20) (45, 3) 
(7, 70) (3, 11) (6, 8) (45, 3) (15, 20) 
(6, 8) (3, 11) (15, 20) (45, 3) (7, 70) 
