erro
erro
12
4
15 
1 
1 3 4 2 12 15 6 
1 2 3 4 6 12 15 
6 2 1 4 3 15 12 
